ARM GAS  C:\Users\cnpan\AppData\Local\Temp\ccPqfZkp.s 			page 1


   1              		.syntax unified
   2              		.cpu cortex-m0
   3              		.fpu softvfp
   4              		.eabi_attribute 20, 1
   5              		.eabi_attribute 21, 1
   6              		.eabi_attribute 23, 3
   7              		.eabi_attribute 24, 1
   8              		.eabi_attribute 25, 1
   9              		.eabi_attribute 26, 1
  10              		.eabi_attribute 30, 6
  11              		.eabi_attribute 34, 0
  12              		.eabi_attribute 18, 4
  13              		.thumb
  14              		.syntax unified
  15              		.file	"cyfitter_cfg.c"
  16              		.text
  17              	.Ltext0:
  18              		.cfi_sections	.debug_frame
  19              		.section	.text.CYMEMZERO,"ax",%progbits
  20              		.align	2
  21              		.code	16
  22              		.thumb_func
  23              		.type	CYMEMZERO, %function
  24              	CYMEMZERO:
  25              	.LFB2:
  26              		.file 1 "Generated_Source\\PSoC4\\cyfitter_cfg.c"
   1:Generated_Source\PSoC4/cyfitter_cfg.c **** 
   2:Generated_Source\PSoC4/cyfitter_cfg.c **** /*******************************************************************************
   3:Generated_Source\PSoC4/cyfitter_cfg.c **** * File Name: cyfitter_cfg.c
   4:Generated_Source\PSoC4/cyfitter_cfg.c **** * 
   5:Generated_Source\PSoC4/cyfitter_cfg.c **** * PSoC Creator  4.1 Update 1
   6:Generated_Source\PSoC4/cyfitter_cfg.c **** *
   7:Generated_Source\PSoC4/cyfitter_cfg.c **** * Description:
   8:Generated_Source\PSoC4/cyfitter_cfg.c **** * This file contains device initialization code.
   9:Generated_Source\PSoC4/cyfitter_cfg.c **** * Except for the user defined sections in CyClockStartupError(), this file should not be modified.
  10:Generated_Source\PSoC4/cyfitter_cfg.c **** * This file is automatically generated by PSoC Creator.
  11:Generated_Source\PSoC4/cyfitter_cfg.c **** *
  12:Generated_Source\PSoC4/cyfitter_cfg.c **** ********************************************************************************
  13:Generated_Source\PSoC4/cyfitter_cfg.c **** * Copyright (c) 2007-2017 Cypress Semiconductor.  All rights reserved.
  14:Generated_Source\PSoC4/cyfitter_cfg.c **** * You may use this file only in accordance with the license, terms, conditions, 
  15:Generated_Source\PSoC4/cyfitter_cfg.c **** * disclaimers, and limitations in the end user license agreement accompanying 
  16:Generated_Source\PSoC4/cyfitter_cfg.c **** * the software package with which this file was provided.
  17:Generated_Source\PSoC4/cyfitter_cfg.c **** ********************************************************************************/
  18:Generated_Source\PSoC4/cyfitter_cfg.c **** 
  19:Generated_Source\PSoC4/cyfitter_cfg.c **** #include <string.h>
  20:Generated_Source\PSoC4/cyfitter_cfg.c **** #include "cytypes.h"
  21:Generated_Source\PSoC4/cyfitter_cfg.c **** #include "cydevice_trm.h"
  22:Generated_Source\PSoC4/cyfitter_cfg.c **** #include "cyfitter.h"
  23:Generated_Source\PSoC4/cyfitter_cfg.c **** #include "CyLib.h"
  24:Generated_Source\PSoC4/cyfitter_cfg.c **** #include "cyfitter_cfg.h"
  25:Generated_Source\PSoC4/cyfitter_cfg.c **** 
  26:Generated_Source\PSoC4/cyfitter_cfg.c **** 
  27:Generated_Source\PSoC4/cyfitter_cfg.c **** #if defined(__GNUC__) || defined(__ARMCC_VERSION)
  28:Generated_Source\PSoC4/cyfitter_cfg.c ****     #define CYPACKED 
  29:Generated_Source\PSoC4/cyfitter_cfg.c ****     #define CYPACKED_ATTR __attribute__ ((packed))
  30:Generated_Source\PSoC4/cyfitter_cfg.c ****     #define CYALIGNED __attribute__ ((aligned))
  31:Generated_Source\PSoC4/cyfitter_cfg.c ****     #define CY_CFG_UNUSED __attribute__ ((unused))
ARM GAS  C:\Users\cnpan\AppData\Local\Temp\ccPqfZkp.s 			page 2


  32:Generated_Source\PSoC4/cyfitter_cfg.c ****     #ifndef CY_CFG_SECTION
  33:Generated_Source\PSoC4/cyfitter_cfg.c ****         #define CY_CFG_SECTION __attribute__ ((section(".psocinit")))
  34:Generated_Source\PSoC4/cyfitter_cfg.c ****     #endif
  35:Generated_Source\PSoC4/cyfitter_cfg.c ****     
  36:Generated_Source\PSoC4/cyfitter_cfg.c ****     #if defined(__ARMCC_VERSION)
  37:Generated_Source\PSoC4/cyfitter_cfg.c ****         #define CY_CFG_MEMORY_BARRIER() __memory_changed()
  38:Generated_Source\PSoC4/cyfitter_cfg.c ****     #else
  39:Generated_Source\PSoC4/cyfitter_cfg.c ****         #define CY_CFG_MEMORY_BARRIER() __sync_synchronize()
  40:Generated_Source\PSoC4/cyfitter_cfg.c ****     #endif
  41:Generated_Source\PSoC4/cyfitter_cfg.c ****     
  42:Generated_Source\PSoC4/cyfitter_cfg.c **** #elif defined(__ICCARM__)
  43:Generated_Source\PSoC4/cyfitter_cfg.c ****     #include <intrinsics.h>
  44:Generated_Source\PSoC4/cyfitter_cfg.c **** 
  45:Generated_Source\PSoC4/cyfitter_cfg.c ****     #define CYPACKED __packed
  46:Generated_Source\PSoC4/cyfitter_cfg.c ****     #define CYPACKED_ATTR 
  47:Generated_Source\PSoC4/cyfitter_cfg.c ****     #define CYALIGNED _Pragma("data_alignment=4")
  48:Generated_Source\PSoC4/cyfitter_cfg.c ****     #define CY_CFG_UNUSED _Pragma("diag_suppress=Pe177")
  49:Generated_Source\PSoC4/cyfitter_cfg.c ****     #define CY_CFG_SECTION _Pragma("location=\".psocinit\"")
  50:Generated_Source\PSoC4/cyfitter_cfg.c ****     
  51:Generated_Source\PSoC4/cyfitter_cfg.c ****     #define CY_CFG_MEMORY_BARRIER() __DMB()
  52:Generated_Source\PSoC4/cyfitter_cfg.c ****     
  53:Generated_Source\PSoC4/cyfitter_cfg.c **** #else
  54:Generated_Source\PSoC4/cyfitter_cfg.c ****     #error Unsupported toolchain
  55:Generated_Source\PSoC4/cyfitter_cfg.c **** #endif
  56:Generated_Source\PSoC4/cyfitter_cfg.c **** 
  57:Generated_Source\PSoC4/cyfitter_cfg.c **** #ifndef CYCODE
  58:Generated_Source\PSoC4/cyfitter_cfg.c ****     #define CYCODE
  59:Generated_Source\PSoC4/cyfitter_cfg.c **** #endif
  60:Generated_Source\PSoC4/cyfitter_cfg.c **** #ifndef CYDATA
  61:Generated_Source\PSoC4/cyfitter_cfg.c ****     #define CYDATA
  62:Generated_Source\PSoC4/cyfitter_cfg.c **** #endif
  63:Generated_Source\PSoC4/cyfitter_cfg.c **** #ifndef CYFAR
  64:Generated_Source\PSoC4/cyfitter_cfg.c ****     #define CYFAR
  65:Generated_Source\PSoC4/cyfitter_cfg.c **** #endif
  66:Generated_Source\PSoC4/cyfitter_cfg.c **** #ifndef CYXDATA
  67:Generated_Source\PSoC4/cyfitter_cfg.c ****     #define CYXDATA
  68:Generated_Source\PSoC4/cyfitter_cfg.c **** #endif
  69:Generated_Source\PSoC4/cyfitter_cfg.c **** 
  70:Generated_Source\PSoC4/cyfitter_cfg.c **** 
  71:Generated_Source\PSoC4/cyfitter_cfg.c **** CY_CFG_UNUSED
  72:Generated_Source\PSoC4/cyfitter_cfg.c **** static void CYMEMZERO(void *s, size_t n);
  73:Generated_Source\PSoC4/cyfitter_cfg.c **** CY_CFG_UNUSED
  74:Generated_Source\PSoC4/cyfitter_cfg.c **** static void CYMEMZERO(void *s, size_t n)
  75:Generated_Source\PSoC4/cyfitter_cfg.c **** {
  27              		.loc 1 75 0
  28              		.cfi_startproc
  29              		@ args = 0, pretend = 0, frame = 8
  30              		@ frame_needed = 1, uses_anonymous_args = 0
  31 0000 80B5     		push	{r7, lr}
  32              		.cfi_def_cfa_offset 8
  33              		.cfi_offset 7, -8
  34              		.cfi_offset 14, -4
  35 0002 82B0     		sub	sp, sp, #8
  36              		.cfi_def_cfa_offset 16
  37 0004 00AF     		add	r7, sp, #0
  38              		.cfi_def_cfa_register 7
  39 0006 7860     		str	r0, [r7, #4]
ARM GAS  C:\Users\cnpan\AppData\Local\Temp\ccPqfZkp.s 			page 3


  40 0008 3960     		str	r1, [r7]
  76:Generated_Source\PSoC4/cyfitter_cfg.c **** 	(void)memset(s, 0, n);
  41              		.loc 1 76 0
  42 000a 3A68     		ldr	r2, [r7]
  43 000c 7B68     		ldr	r3, [r7, #4]
  44 000e 0021     		movs	r1, #0
  45 0010 1800     		movs	r0, r3
  46 0012 FFF7FEFF 		bl	memset
  77:Generated_Source\PSoC4/cyfitter_cfg.c **** }
  47              		.loc 1 77 0
  48 0016 C046     		nop
  49 0018 BD46     		mov	sp, r7
  50 001a 02B0     		add	sp, sp, #8
  51              		@ sp needed
  52 001c 80BD     		pop	{r7, pc}
  53              		.cfi_endproc
  54              	.LFE2:
  55              		.size	CYMEMZERO, .-CYMEMZERO
  56 001e C046     		.section	.text.CYCONFIGCPY,"ax",%progbits
  57              		.align	2
  58              		.code	16
  59              		.thumb_func
  60              		.type	CYCONFIGCPY, %function
  61              	CYCONFIGCPY:
  62              	.LFB3:
  78:Generated_Source\PSoC4/cyfitter_cfg.c **** CY_CFG_UNUSED
  79:Generated_Source\PSoC4/cyfitter_cfg.c **** static void CYCONFIGCPY(void *dest, const void *src, size_t n);
  80:Generated_Source\PSoC4/cyfitter_cfg.c **** CY_CFG_UNUSED
  81:Generated_Source\PSoC4/cyfitter_cfg.c **** static void CYCONFIGCPY(void *dest, const void *src, size_t n)
  82:Generated_Source\PSoC4/cyfitter_cfg.c **** {
  63              		.loc 1 82 0
  64              		.cfi_startproc
  65              		@ args = 0, pretend = 0, frame = 16
  66              		@ frame_needed = 1, uses_anonymous_args = 0
  67 0000 80B5     		push	{r7, lr}
  68              		.cfi_def_cfa_offset 8
  69              		.cfi_offset 7, -8
  70              		.cfi_offset 14, -4
  71 0002 84B0     		sub	sp, sp, #16
  72              		.cfi_def_cfa_offset 24
  73 0004 00AF     		add	r7, sp, #0
  74              		.cfi_def_cfa_register 7
  75 0006 F860     		str	r0, [r7, #12]
  76 0008 B960     		str	r1, [r7, #8]
  77 000a 7A60     		str	r2, [r7, #4]
  83:Generated_Source\PSoC4/cyfitter_cfg.c **** 	(void)memcpy(dest, src, n);
  78              		.loc 1 83 0
  79 000c 7A68     		ldr	r2, [r7, #4]
  80 000e B968     		ldr	r1, [r7, #8]
  81 0010 FB68     		ldr	r3, [r7, #12]
  82 0012 1800     		movs	r0, r3
  83 0014 FFF7FEFF 		bl	memcpy
  84:Generated_Source\PSoC4/cyfitter_cfg.c **** }
  84              		.loc 1 84 0
  85 0018 C046     		nop
  86 001a BD46     		mov	sp, r7
  87 001c 04B0     		add	sp, sp, #16
ARM GAS  C:\Users\cnpan\AppData\Local\Temp\ccPqfZkp.s 			page 4


  88              		@ sp needed
  89 001e 80BD     		pop	{r7, pc}
  90              		.cfi_endproc
  91              	.LFE3:
  92              		.size	CYCONFIGCPY, .-CYCONFIGCPY
  93              		.section	.text.CYCONFIGCPYCODE,"ax",%progbits
  94              		.align	2
  95              		.code	16
  96              		.thumb_func
  97              		.type	CYCONFIGCPYCODE, %function
  98              	CYCONFIGCPYCODE:
  99              	.LFB4:
  85:Generated_Source\PSoC4/cyfitter_cfg.c **** CY_CFG_UNUSED
  86:Generated_Source\PSoC4/cyfitter_cfg.c **** static void CYCONFIGCPYCODE(void *dest, const void *src, size_t n);
  87:Generated_Source\PSoC4/cyfitter_cfg.c **** CY_CFG_UNUSED
  88:Generated_Source\PSoC4/cyfitter_cfg.c **** static void CYCONFIGCPYCODE(void *dest, const void *src, size_t n)
  89:Generated_Source\PSoC4/cyfitter_cfg.c **** {
 100              		.loc 1 89 0
 101              		.cfi_startproc
 102              		@ args = 0, pretend = 0, frame = 16
 103              		@ frame_needed = 1, uses_anonymous_args = 0
 104 0000 80B5     		push	{r7, lr}
 105              		.cfi_def_cfa_offset 8
 106              		.cfi_offset 7, -8
 107              		.cfi_offset 14, -4
 108 0002 84B0     		sub	sp, sp, #16
 109              		.cfi_def_cfa_offset 24
 110 0004 00AF     		add	r7, sp, #0
 111              		.cfi_def_cfa_register 7
 112 0006 F860     		str	r0, [r7, #12]
 113 0008 B960     		str	r1, [r7, #8]
 114 000a 7A60     		str	r2, [r7, #4]
  90:Generated_Source\PSoC4/cyfitter_cfg.c **** 	(void)memcpy(dest, src, n);
 115              		.loc 1 90 0
 116 000c 7A68     		ldr	r2, [r7, #4]
 117 000e B968     		ldr	r1, [r7, #8]
 118 0010 FB68     		ldr	r3, [r7, #12]
 119 0012 1800     		movs	r0, r3
 120 0014 FFF7FEFF 		bl	memcpy
  91:Generated_Source\PSoC4/cyfitter_cfg.c **** }
 121              		.loc 1 91 0
 122 0018 C046     		nop
 123 001a BD46     		mov	sp, r7
 124 001c 04B0     		add	sp, sp, #16
 125              		@ sp needed
 126 001e 80BD     		pop	{r7, pc}
 127              		.cfi_endproc
 128              	.LFE4:
 129              		.size	CYCONFIGCPYCODE, .-CYCONFIGCPYCODE
 130              		.section	.psocinit,"ax",%progbits
 131              		.align	2
 132              		.code	16
 133              		.thumb_func
 134              		.type	ClockSetup, %function
 135              	ClockSetup:
 136              	.LFB5:
  92:Generated_Source\PSoC4/cyfitter_cfg.c **** 
ARM GAS  C:\Users\cnpan\AppData\Local\Temp\ccPqfZkp.s 			page 5


  93:Generated_Source\PSoC4/cyfitter_cfg.c **** 
  94:Generated_Source\PSoC4/cyfitter_cfg.c **** 
  95:Generated_Source\PSoC4/cyfitter_cfg.c **** 
  96:Generated_Source\PSoC4/cyfitter_cfg.c **** /* Clock startup error codes                                                   */
  97:Generated_Source\PSoC4/cyfitter_cfg.c **** #define CYCLOCKSTART_NO_ERROR    0u
  98:Generated_Source\PSoC4/cyfitter_cfg.c **** #define CYCLOCKSTART_XTAL_ERROR  1u
  99:Generated_Source\PSoC4/cyfitter_cfg.c **** #define CYCLOCKSTART_32KHZ_ERROR 2u
 100:Generated_Source\PSoC4/cyfitter_cfg.c **** #define CYCLOCKSTART_PLL_ERROR   3u
 101:Generated_Source\PSoC4/cyfitter_cfg.c **** #define CYCLOCKSTART_FLL_ERROR   4u
 102:Generated_Source\PSoC4/cyfitter_cfg.c **** 
 103:Generated_Source\PSoC4/cyfitter_cfg.c **** 
 104:Generated_Source\PSoC4/cyfitter_cfg.c **** #ifdef CY_NEED_CYCLOCKSTARTUPERROR
 105:Generated_Source\PSoC4/cyfitter_cfg.c **** /*******************************************************************************
 106:Generated_Source\PSoC4/cyfitter_cfg.c **** * Function Name: CyClockStartupError
 107:Generated_Source\PSoC4/cyfitter_cfg.c **** ********************************************************************************
 108:Generated_Source\PSoC4/cyfitter_cfg.c **** * Summary:
 109:Generated_Source\PSoC4/cyfitter_cfg.c **** *  If an error is encountered during clock configuration (crystal startup error,
 110:Generated_Source\PSoC4/cyfitter_cfg.c **** *  PLL lock error, etc.), the system will end up here.  Unless reimplemented by
 111:Generated_Source\PSoC4/cyfitter_cfg.c **** *  the customer, this function will stop in an infinite loop.
 112:Generated_Source\PSoC4/cyfitter_cfg.c **** *
 113:Generated_Source\PSoC4/cyfitter_cfg.c **** * Parameters:
 114:Generated_Source\PSoC4/cyfitter_cfg.c **** *   void
 115:Generated_Source\PSoC4/cyfitter_cfg.c **** *
 116:Generated_Source\PSoC4/cyfitter_cfg.c **** * Return:
 117:Generated_Source\PSoC4/cyfitter_cfg.c **** *   void
 118:Generated_Source\PSoC4/cyfitter_cfg.c **** *
 119:Generated_Source\PSoC4/cyfitter_cfg.c **** *******************************************************************************/
 120:Generated_Source\PSoC4/cyfitter_cfg.c **** CY_CFG_UNUSED
 121:Generated_Source\PSoC4/cyfitter_cfg.c **** static void CyClockStartupError(uint8 errorCode);
 122:Generated_Source\PSoC4/cyfitter_cfg.c **** CY_CFG_UNUSED
 123:Generated_Source\PSoC4/cyfitter_cfg.c **** static void CyClockStartupError(uint8 errorCode)
 124:Generated_Source\PSoC4/cyfitter_cfg.c **** {
 125:Generated_Source\PSoC4/cyfitter_cfg.c ****     /* To remove the compiler warning if errorCode not used. */
 126:Generated_Source\PSoC4/cyfitter_cfg.c **** #if defined(CY_PSOC3) && (CY_PSOC3)
 127:Generated_Source\PSoC4/cyfitter_cfg.c ****     errorCode = errorCode;
 128:Generated_Source\PSoC4/cyfitter_cfg.c **** #else
 129:Generated_Source\PSoC4/cyfitter_cfg.c ****     (void)errorCode;
 130:Generated_Source\PSoC4/cyfitter_cfg.c **** #endif /* CY_PSOC3 */
 131:Generated_Source\PSoC4/cyfitter_cfg.c **** 
 132:Generated_Source\PSoC4/cyfitter_cfg.c ****     /* If we have a clock startup error (bad MHz crystal, PLL lock, etc.),  */
 133:Generated_Source\PSoC4/cyfitter_cfg.c ****     /* we will end up here to allow the customer to implement something to  */
 134:Generated_Source\PSoC4/cyfitter_cfg.c ****     /* deal with the clock condition.                                       */
 135:Generated_Source\PSoC4/cyfitter_cfg.c **** 
 136:Generated_Source\PSoC4/cyfitter_cfg.c **** #ifdef CY_CFG_CLOCK_STARTUP_ERROR_CALLBACK
 137:Generated_Source\PSoC4/cyfitter_cfg.c ****     CY_CFG_Clock_Startup_ErrorCallback();
 138:Generated_Source\PSoC4/cyfitter_cfg.c **** #else
 139:Generated_Source\PSoC4/cyfitter_cfg.c ****     /*  If not using CY_CFG_CLOCK_STARTUP_ERROR_CALLBACK, place your clock startup code here. */
 140:Generated_Source\PSoC4/cyfitter_cfg.c ****     /* `#START CyClockStartupError` */
 141:Generated_Source\PSoC4/cyfitter_cfg.c **** 
 142:Generated_Source\PSoC4/cyfitter_cfg.c **** 
 143:Generated_Source\PSoC4/cyfitter_cfg.c **** 
 144:Generated_Source\PSoC4/cyfitter_cfg.c ****     /* `#END` */
 145:Generated_Source\PSoC4/cyfitter_cfg.c **** 
 146:Generated_Source\PSoC4/cyfitter_cfg.c ****     while(1) {}
 147:Generated_Source\PSoC4/cyfitter_cfg.c **** #endif /* CY_CFG_CLOCK_STARTUP_ERROR_CALLBACK */
 148:Generated_Source\PSoC4/cyfitter_cfg.c **** }
 149:Generated_Source\PSoC4/cyfitter_cfg.c **** #endif
ARM GAS  C:\Users\cnpan\AppData\Local\Temp\ccPqfZkp.s 			page 6


 150:Generated_Source\PSoC4/cyfitter_cfg.c **** 
 151:Generated_Source\PSoC4/cyfitter_cfg.c **** 
 152:Generated_Source\PSoC4/cyfitter_cfg.c **** 
 153:Generated_Source\PSoC4/cyfitter_cfg.c **** /*******************************************************************************
 154:Generated_Source\PSoC4/cyfitter_cfg.c **** * Function Name: ClockSetup
 155:Generated_Source\PSoC4/cyfitter_cfg.c **** ********************************************************************************
 156:Generated_Source\PSoC4/cyfitter_cfg.c **** *
 157:Generated_Source\PSoC4/cyfitter_cfg.c **** * Summary:
 158:Generated_Source\PSoC4/cyfitter_cfg.c **** *   Performs the initialization of all of the clocks in the device based on the
 159:Generated_Source\PSoC4/cyfitter_cfg.c **** *   settings in the Clock tab of the DWR.  This includes enabling the requested
 160:Generated_Source\PSoC4/cyfitter_cfg.c **** *   clocks and setting the necessary dividers to produce the desired frequency. 
 161:Generated_Source\PSoC4/cyfitter_cfg.c **** *
 162:Generated_Source\PSoC4/cyfitter_cfg.c **** * Parameters:
 163:Generated_Source\PSoC4/cyfitter_cfg.c **** *   void
 164:Generated_Source\PSoC4/cyfitter_cfg.c **** *
 165:Generated_Source\PSoC4/cyfitter_cfg.c **** * Return:
 166:Generated_Source\PSoC4/cyfitter_cfg.c **** *   void
 167:Generated_Source\PSoC4/cyfitter_cfg.c **** *
 168:Generated_Source\PSoC4/cyfitter_cfg.c **** *******************************************************************************/
 169:Generated_Source\PSoC4/cyfitter_cfg.c **** static void ClockSetup(void);
 170:Generated_Source\PSoC4/cyfitter_cfg.c **** CY_CFG_SECTION
 171:Generated_Source\PSoC4/cyfitter_cfg.c **** static void ClockSetup(void)
 172:Generated_Source\PSoC4/cyfitter_cfg.c **** {
 137              		.loc 1 172 0
 138              		.cfi_startproc
 139              		@ args = 0, pretend = 0, frame = 0
 140              		@ frame_needed = 1, uses_anonymous_args = 0
 141 0000 80B5     		push	{r7, lr}
 142              		.cfi_def_cfa_offset 8
 143              		.cfi_offset 7, -8
 144              		.cfi_offset 14, -4
 145 0002 00AF     		add	r7, sp, #0
 146              		.cfi_def_cfa_register 7
 173:Generated_Source\PSoC4/cyfitter_cfg.c **** 
 174:Generated_Source\PSoC4/cyfitter_cfg.c **** 	/* Set Flash Cycles based on max possible frequency in case a glitch occurs during ClockSetup(). *
 175:Generated_Source\PSoC4/cyfitter_cfg.c **** 	CY_SET_REG32((void CYXDATA *)(CYREG_CPUSS_FLASH_CTL), (0x0012u));
 147              		.loc 1 175 0
 148 0004 254B     		ldr	r3, .L5
 149 0006 1222     		movs	r2, #18
 150 0008 1A60     		str	r2, [r3]
 176:Generated_Source\PSoC4/cyfitter_cfg.c **** 
 177:Generated_Source\PSoC4/cyfitter_cfg.c **** 	/* Start the WCO */
 178:Generated_Source\PSoC4/cyfitter_cfg.c **** 	CySysClkWcoStart();
 151              		.loc 1 178 0
 152 000a FFF7FEFF 		bl	CySysClkWcoStart
 179:Generated_Source\PSoC4/cyfitter_cfg.c **** 	CyDelayCycles(12000000u); /* WCO may take up to 500ms to start */
 153              		.loc 1 179 0
 154 000e 244B     		ldr	r3, .L5+4
 155 0010 1800     		movs	r0, r3
 156 0012 FFF7FEFF 		bl	CyDelayCycles
 180:Generated_Source\PSoC4/cyfitter_cfg.c **** 	(void)CySysClkWcoSetPowerMode(CY_SYS_CLK_WCO_LPM);    /* Switch to the low power mode */
 157              		.loc 1 180 0
 158 0016 0120     		movs	r0, #1
 159 0018 FFF7FEFF 		bl	CySysClkWcoSetPowerMode
 181:Generated_Source\PSoC4/cyfitter_cfg.c **** 
 182:Generated_Source\PSoC4/cyfitter_cfg.c **** 	/* Setup and trim IMO based on desired frequency. */
 183:Generated_Source\PSoC4/cyfitter_cfg.c **** 	CySysClkWriteImoFreq(12u);
ARM GAS  C:\Users\cnpan\AppData\Local\Temp\ccPqfZkp.s 			page 7


 160              		.loc 1 183 0
 161 001c 0C20     		movs	r0, #12
 162 001e FFF7FEFF 		bl	CySysClkWriteImoFreq
 184:Generated_Source\PSoC4/cyfitter_cfg.c **** 	/* CYDEV_CLK_ILO_CONFIG Starting address: CYDEV_CLK_ILO_CONFIG */
 185:Generated_Source\PSoC4/cyfitter_cfg.c **** 	CY_SET_REG32((void *)(CYREG_CLK_ILO_CONFIG), 0x80000006u);
 163              		.loc 1 185 0
 164 0022 204B     		ldr	r3, .L5+8
 165 0024 204A     		ldr	r2, .L5+12
 166 0026 1A60     		str	r2, [r3]
 186:Generated_Source\PSoC4/cyfitter_cfg.c **** 
 187:Generated_Source\PSoC4/cyfitter_cfg.c **** 	/* CYDEV_WDT_CONFIG Starting address: CYDEV_WDT_CONFIG */
 188:Generated_Source\PSoC4/cyfitter_cfg.c **** 	CY_SET_REG32((void *)(CYREG_WDT_CONFIG), 0x40000000u);
 167              		.loc 1 188 0
 168 0028 204B     		ldr	r3, .L5+16
 169 002a 8022     		movs	r2, #128
 170 002c D205     		lsls	r2, r2, #23
 171 002e 1A60     		str	r2, [r3]
 189:Generated_Source\PSoC4/cyfitter_cfg.c **** 
 190:Generated_Source\PSoC4/cyfitter_cfg.c **** 
 191:Generated_Source\PSoC4/cyfitter_cfg.c **** 	/* Enable fast start mode for XO */
 192:Generated_Source\PSoC4/cyfitter_cfg.c **** 	CY_SET_REG32((void*)CYREG_BLE_BLERD_BB_XO, CY_GET_REG32((void*)CYREG_BLE_BLERD_BB_XO) | (uint32)0x
 172              		.loc 1 192 0
 173 0030 1F4B     		ldr	r3, .L5+20
 174 0032 1F4A     		ldr	r2, .L5+20
 175 0034 1268     		ldr	r2, [r2]
 176 0036 0221     		movs	r1, #2
 177 0038 0A43     		orrs	r2, r1
 178 003a 1A60     		str	r2, [r3]
 193:Generated_Source\PSoC4/cyfitter_cfg.c **** 	CY_SET_REG32((void *)(CYREG_BLE_BLERD_BB_XO_CAPTRIM), 0x00002D6Au);
 179              		.loc 1 193 0
 180 003c 1D4B     		ldr	r3, .L5+24
 181 003e 1E4A     		ldr	r2, .L5+28
 182 0040 1A60     		str	r2, [r3]
 194:Generated_Source\PSoC4/cyfitter_cfg.c **** 	/*Set XTAL(ECO) divider*/
 195:Generated_Source\PSoC4/cyfitter_cfg.c **** 	CY_SET_REG32((void *)(CYREG_BLE_BLESS_XTAL_CLK_DIV_CONFIG), 0x00000000u);
 183              		.loc 1 195 0
 184 0042 1E4B     		ldr	r3, .L5+32
 185 0044 0022     		movs	r2, #0
 186 0046 1A60     		str	r2, [r3]
 196:Generated_Source\PSoC4/cyfitter_cfg.c **** 	/* Disable Crystal Stable Interrupt before enabling ECO */
 197:Generated_Source\PSoC4/cyfitter_cfg.c **** 	CY_SET_REG32((void*)CYREG_BLE_BLESS_LL_DSM_CTRL, CY_GET_REG32((void*)CYREG_BLE_BLESS_LL_DSM_CTRL) 
 187              		.loc 1 197 0
 188 0048 1D4B     		ldr	r3, .L5+36
 189 004a 1D4A     		ldr	r2, .L5+36
 190 004c 1268     		ldr	r2, [r2]
 191 004e 0821     		movs	r1, #8
 192 0050 8A43     		bics	r2, r1
 193 0052 1A60     		str	r2, [r3]
 198:Generated_Source\PSoC4/cyfitter_cfg.c **** 	/* Start the ECO and do not check status since it is not needed for HFCLK */
 199:Generated_Source\PSoC4/cyfitter_cfg.c **** 	(void)CySysClkEcoStart(2000u);
 194              		.loc 1 199 0
 195 0054 FA23     		movs	r3, #250
 196 0056 DB00     		lsls	r3, r3, #3
 197 0058 1800     		movs	r0, r3
 198 005a FFF7FEFF 		bl	CySysClkEcoStart
 200:Generated_Source\PSoC4/cyfitter_cfg.c **** 	CyDelayUs(1500u); /* Wait to stabilize */
 199              		.loc 1 200 0
ARM GAS  C:\Users\cnpan\AppData\Local\Temp\ccPqfZkp.s 			page 8


 200 005e 194B     		ldr	r3, .L5+40
 201 0060 1800     		movs	r0, r3
 202 0062 FFF7FEFF 		bl	CyDelayUs
 201:Generated_Source\PSoC4/cyfitter_cfg.c **** 
 202:Generated_Source\PSoC4/cyfitter_cfg.c **** 	/* Setup phase aligned clocks */
 203:Generated_Source\PSoC4/cyfitter_cfg.c **** 	CY_SET_REG32((void *)CYREG_PERI_DIV_16_CTL0, 0x00006700u);
 203              		.loc 1 203 0
 204 0066 184B     		ldr	r3, .L5+44
 205 0068 CE22     		movs	r2, #206
 206 006a D201     		lsls	r2, r2, #7
 207 006c 1A60     		str	r2, [r3]
 204:Generated_Source\PSoC4/cyfitter_cfg.c **** 	CY_SET_REG32((void *)CYREG_PERI_DIV_CMD, 0x8000FF40u);
 208              		.loc 1 204 0
 209 006e 174B     		ldr	r3, .L5+48
 210 0070 174A     		ldr	r2, .L5+52
 211 0072 1A60     		str	r2, [r3]
 205:Generated_Source\PSoC4/cyfitter_cfg.c **** 
 206:Generated_Source\PSoC4/cyfitter_cfg.c **** 	/* CYDEV_CLK_IMO_CONFIG Starting address: CYDEV_CLK_IMO_CONFIG */
 207:Generated_Source\PSoC4/cyfitter_cfg.c **** 	CY_SET_REG32((void *)(CYREG_CLK_IMO_CONFIG), 0x80000000u);
 212              		.loc 1 207 0
 213 0074 174B     		ldr	r3, .L5+56
 214 0076 8022     		movs	r2, #128
 215 0078 1206     		lsls	r2, r2, #24
 216 007a 1A60     		str	r2, [r3]
 208:Generated_Source\PSoC4/cyfitter_cfg.c **** 
 209:Generated_Source\PSoC4/cyfitter_cfg.c **** 	/* CYDEV_CLK_SELECT Starting address: CYDEV_CLK_SELECT */
 210:Generated_Source\PSoC4/cyfitter_cfg.c **** 	CY_SET_REG32((void *)(CYREG_CLK_SELECT), 0x00000000u);
 217              		.loc 1 210 0
 218 007c 164B     		ldr	r3, .L5+60
 219 007e 0022     		movs	r2, #0
 220 0080 1A60     		str	r2, [r3]
 211:Generated_Source\PSoC4/cyfitter_cfg.c **** 
 212:Generated_Source\PSoC4/cyfitter_cfg.c **** 	/* CYDEV_PERI_PCLK_CTL1 Starting address: CYDEV_PERI_PCLK_CTL1 */
 213:Generated_Source\PSoC4/cyfitter_cfg.c **** 	CY_SET_REG32((void *)(CYREG_PERI_PCLK_CTL1), 0x00000040u);
 221              		.loc 1 213 0
 222 0082 164B     		ldr	r3, .L5+64
 223 0084 4022     		movs	r2, #64
 224 0086 1A60     		str	r2, [r3]
 214:Generated_Source\PSoC4/cyfitter_cfg.c **** 
 215:Generated_Source\PSoC4/cyfitter_cfg.c **** 	CY_SET_REG32((void *)(CYREG_WDT_CONFIG), 0x40000000u);
 225              		.loc 1 215 0
 226 0088 084B     		ldr	r3, .L5+16
 227 008a 8022     		movs	r2, #128
 228 008c D205     		lsls	r2, r2, #23
 229 008e 1A60     		str	r2, [r3]
 216:Generated_Source\PSoC4/cyfitter_cfg.c **** 	/* Set Flash Cycles based on newly configured 12.00MHz HFCLK. */
 217:Generated_Source\PSoC4/cyfitter_cfg.c **** 	CY_SET_REG32((void CYXDATA *)(CYREG_CPUSS_FLASH_CTL), (0x0000u));
 230              		.loc 1 217 0
 231 0090 024B     		ldr	r3, .L5
 232 0092 0022     		movs	r2, #0
 233 0094 1A60     		str	r2, [r3]
 218:Generated_Source\PSoC4/cyfitter_cfg.c **** }
 234              		.loc 1 218 0
 235 0096 C046     		nop
 236 0098 BD46     		mov	sp, r7
 237              		@ sp needed
 238 009a 80BD     		pop	{r7, pc}
ARM GAS  C:\Users\cnpan\AppData\Local\Temp\ccPqfZkp.s 			page 9


 239              	.L6:
 240              		.align	2
 241              	.L5:
 242 009c 30001040 		.word	1074790448
 243 00a0 001BB700 		.word	12000000
 244 00a4 04010B40 		.word	1074462980
 245 00a8 06000080 		.word	-2147483642
 246 00ac 0C020B40 		.word	1074463244
 247 00b0 78002E40 		.word	1076756600
 248 00b4 7C002E40 		.word	1076756604
 249 00b8 6A2D0000 		.word	11626
 250 00bc 64F02E40 		.word	1076818020
 251 00c0 6CF02E40 		.word	1076818028
 252 00c4 DC050000 		.word	1500
 253 00c8 00030140 		.word	1073808128
 254 00cc 00000140 		.word	1073807360
 255 00d0 40FF0080 		.word	-2147418304
 256 00d4 08010B40 		.word	1074462984
 257 00d8 00010B40 		.word	1074462976
 258 00dc 04010140 		.word	1073807620
 259              		.cfi_endproc
 260              	.LFE5:
 261              		.size	ClockSetup, .-ClockSetup
 262              		.section	.text.AnalogSetDefault,"ax",%progbits
 263              		.align	2
 264              		.code	16
 265              		.thumb_func
 266              		.type	AnalogSetDefault, %function
 267              	AnalogSetDefault:
 268              	.LFB6:
 219:Generated_Source\PSoC4/cyfitter_cfg.c **** 
 220:Generated_Source\PSoC4/cyfitter_cfg.c **** 
 221:Generated_Source\PSoC4/cyfitter_cfg.c **** /* Analog API Functions */
 222:Generated_Source\PSoC4/cyfitter_cfg.c **** 
 223:Generated_Source\PSoC4/cyfitter_cfg.c **** 
 224:Generated_Source\PSoC4/cyfitter_cfg.c **** /*******************************************************************************
 225:Generated_Source\PSoC4/cyfitter_cfg.c **** * Function Name: AnalogSetDefault
 226:Generated_Source\PSoC4/cyfitter_cfg.c **** ********************************************************************************
 227:Generated_Source\PSoC4/cyfitter_cfg.c **** *
 228:Generated_Source\PSoC4/cyfitter_cfg.c **** * Summary:
 229:Generated_Source\PSoC4/cyfitter_cfg.c **** *  Sets up the analog portions of the chip to default values based on chip
 230:Generated_Source\PSoC4/cyfitter_cfg.c **** *  configuration options from the project.
 231:Generated_Source\PSoC4/cyfitter_cfg.c **** *
 232:Generated_Source\PSoC4/cyfitter_cfg.c **** * Parameters:
 233:Generated_Source\PSoC4/cyfitter_cfg.c **** *  void
 234:Generated_Source\PSoC4/cyfitter_cfg.c **** *
 235:Generated_Source\PSoC4/cyfitter_cfg.c **** * Return:
 236:Generated_Source\PSoC4/cyfitter_cfg.c **** *  void
 237:Generated_Source\PSoC4/cyfitter_cfg.c **** *
 238:Generated_Source\PSoC4/cyfitter_cfg.c **** *******************************************************************************/
 239:Generated_Source\PSoC4/cyfitter_cfg.c **** static void AnalogSetDefault(void);
 240:Generated_Source\PSoC4/cyfitter_cfg.c **** static void AnalogSetDefault(void)
 241:Generated_Source\PSoC4/cyfitter_cfg.c **** {
 269              		.loc 1 241 0
 270              		.cfi_startproc
 271              		@ args = 0, pretend = 0, frame = 0
 272              		@ frame_needed = 1, uses_anonymous_args = 0
ARM GAS  C:\Users\cnpan\AppData\Local\Temp\ccPqfZkp.s 			page 10


 273 0000 80B5     		push	{r7, lr}
 274              		.cfi_def_cfa_offset 8
 275              		.cfi_offset 7, -8
 276              		.cfi_offset 14, -4
 277 0002 00AF     		add	r7, sp, #0
 278              		.cfi_def_cfa_register 7
 242:Generated_Source\PSoC4/cyfitter_cfg.c **** 	CY_SET_XTND_REG32((void CYFAR *)CYREG_CTBM0_DFT_CTRL, 0x00000003u);
 279              		.loc 1 242 0
 280 0004 054B     		ldr	r3, .L8
 281 0006 0322     		movs	r2, #3
 282 0008 1A60     		str	r2, [r3]
 243:Generated_Source\PSoC4/cyfitter_cfg.c **** 	CY_SET_XTND_REG32((void CYFAR *)CYREG_CTBM1_DFT_CTRL, 0x00000003u);
 283              		.loc 1 243 0
 284 000a 054B     		ldr	r3, .L8+4
 285 000c 0322     		movs	r2, #3
 286 000e 1A60     		str	r2, [r3]
 244:Generated_Source\PSoC4/cyfitter_cfg.c **** 	CY_SET_XTND_REG32((void CYFAR *)CYREG_PASS_DSAB_DSAB_CTRL, 0x00000000u);
 287              		.loc 1 244 0
 288 0010 044B     		ldr	r3, .L8+8
 289 0012 0022     		movs	r2, #0
 290 0014 1A60     		str	r2, [r3]
 245:Generated_Source\PSoC4/cyfitter_cfg.c **** }
 291              		.loc 1 245 0
 292 0016 C046     		nop
 293 0018 BD46     		mov	sp, r7
 294              		@ sp needed
 295 001a 80BD     		pop	{r7, pc}
 296              	.L9:
 297              		.align	2
 298              	.L8:
 299 001c 30003040 		.word	1076887600
 300 0020 30003140 		.word	1076953136
 301 0024 000E3F40 		.word	1077874176
 302              		.cfi_endproc
 303              	.LFE6:
 304              		.size	AnalogSetDefault, .-AnalogSetDefault
 305              		.section	.psocinit
 306              		.align	2
 307              		.global	cyfitter_cfg
 308              		.code	16
 309              		.thumb_func
 310              		.type	cyfitter_cfg, %function
 311              	cyfitter_cfg:
 312              	.LFB7:
 246:Generated_Source\PSoC4/cyfitter_cfg.c **** 
 247:Generated_Source\PSoC4/cyfitter_cfg.c **** 
 248:Generated_Source\PSoC4/cyfitter_cfg.c **** 
 249:Generated_Source\PSoC4/cyfitter_cfg.c **** 
 250:Generated_Source\PSoC4/cyfitter_cfg.c **** /*******************************************************************************
 251:Generated_Source\PSoC4/cyfitter_cfg.c **** * Function Name: cyfitter_cfg
 252:Generated_Source\PSoC4/cyfitter_cfg.c **** ********************************************************************************
 253:Generated_Source\PSoC4/cyfitter_cfg.c **** * Summary:
 254:Generated_Source\PSoC4/cyfitter_cfg.c **** *  This function is called by the start-up code for the selected device. It
 255:Generated_Source\PSoC4/cyfitter_cfg.c **** *  performs all of the necessary device configuration based on the design
 256:Generated_Source\PSoC4/cyfitter_cfg.c **** *  settings.  This includes settings from the Design Wide Resources (DWR) such
 257:Generated_Source\PSoC4/cyfitter_cfg.c **** *  as Clocks and Pins as well as any component configuration that is necessary.
 258:Generated_Source\PSoC4/cyfitter_cfg.c **** *
ARM GAS  C:\Users\cnpan\AppData\Local\Temp\ccPqfZkp.s 			page 11


 259:Generated_Source\PSoC4/cyfitter_cfg.c **** * Parameters:
 260:Generated_Source\PSoC4/cyfitter_cfg.c **** *   void
 261:Generated_Source\PSoC4/cyfitter_cfg.c **** *
 262:Generated_Source\PSoC4/cyfitter_cfg.c **** * Return:
 263:Generated_Source\PSoC4/cyfitter_cfg.c **** *   void
 264:Generated_Source\PSoC4/cyfitter_cfg.c **** *
 265:Generated_Source\PSoC4/cyfitter_cfg.c **** *******************************************************************************/
 266:Generated_Source\PSoC4/cyfitter_cfg.c **** CY_CFG_SECTION
 267:Generated_Source\PSoC4/cyfitter_cfg.c **** void cyfitter_cfg(void)
 268:Generated_Source\PSoC4/cyfitter_cfg.c **** {
 313              		.loc 1 268 0
 314              		.cfi_startproc
 315              		@ args = 0, pretend = 0, frame = 8
 316              		@ frame_needed = 1, uses_anonymous_args = 0
 317 00e0 80B5     		push	{r7, lr}
 318              		.cfi_def_cfa_offset 8
 319              		.cfi_offset 7, -8
 320              		.cfi_offset 14, -4
 321 00e2 82B0     		sub	sp, sp, #8
 322              		.cfi_def_cfa_offset 16
 323 00e4 00AF     		add	r7, sp, #0
 324              		.cfi_def_cfa_register 7
 269:Generated_Source\PSoC4/cyfitter_cfg.c **** 	/* Disable interrupts by default. Let user enable if/when they want. */
 270:Generated_Source\PSoC4/cyfitter_cfg.c **** 	CyGlobalIntDisable;
 325              		.loc 1 270 0
 326              		.syntax divided
 327              	@ 270 "Generated_Source\PSoC4\cyfitter_cfg.c" 1
 328 00e6 72B6     		CPSID   i
 329              	@ 0 "" 2
 271:Generated_Source\PSoC4/cyfitter_cfg.c **** 
 272:Generated_Source\PSoC4/cyfitter_cfg.c **** 	CY_SET_REG32((void *)(CYREG_BLE_BLESS_LL_DSM_CTRL), 0x00000000u);
 330              		.loc 1 272 0
 331              		.thumb
 332              		.syntax unified
 333 00e8 374B     		ldr	r3, .L13
 334 00ea 0022     		movs	r2, #0
 335 00ec 1A60     		str	r2, [r3]
 336              	.LBB2:
 273:Generated_Source\PSoC4/cyfitter_cfg.c **** 
 274:Generated_Source\PSoC4/cyfitter_cfg.c **** 	{
 275:Generated_Source\PSoC4/cyfitter_cfg.c **** 
 276:Generated_Source\PSoC4/cyfitter_cfg.c **** 		CYPACKED typedef struct {
 277:Generated_Source\PSoC4/cyfitter_cfg.c **** 			void CYFAR *address;
 278:Generated_Source\PSoC4/cyfitter_cfg.c **** 			uint16 size;
 279:Generated_Source\PSoC4/cyfitter_cfg.c **** 		} CYPACKED_ATTR cfg_memset_t;
 280:Generated_Source\PSoC4/cyfitter_cfg.c **** 
 281:Generated_Source\PSoC4/cyfitter_cfg.c **** 		static const cfg_memset_t CYCODE cfg_memset_list[] = {
 282:Generated_Source\PSoC4/cyfitter_cfg.c **** 			/* address, size */
 283:Generated_Source\PSoC4/cyfitter_cfg.c **** 			{(void CYFAR *)(CYDEV_UDB_P0_U0_BASE), 1024u},
 284:Generated_Source\PSoC4/cyfitter_cfg.c **** 			{(void CYFAR *)(CYDEV_UDB_DSI0_BASE), 1024u},
 285:Generated_Source\PSoC4/cyfitter_cfg.c **** 		};
 286:Generated_Source\PSoC4/cyfitter_cfg.c **** 
 287:Generated_Source\PSoC4/cyfitter_cfg.c **** 		uint8 CYDATA i;
 288:Generated_Source\PSoC4/cyfitter_cfg.c **** 
 289:Generated_Source\PSoC4/cyfitter_cfg.c **** 		/* Zero out critical memory blocks before beginning configuration */
 290:Generated_Source\PSoC4/cyfitter_cfg.c **** 		for (i = 0u; i < (sizeof(cfg_memset_list)/sizeof(cfg_memset_list[0])); i++)
 337              		.loc 1 290 0
ARM GAS  C:\Users\cnpan\AppData\Local\Temp\ccPqfZkp.s 			page 12


 338 00ee FB1D     		adds	r3, r7, #7
 339 00f0 0022     		movs	r2, #0
 340 00f2 1A70     		strb	r2, [r3]
 341 00f4 22E0     		b	.L11
 342              	.L12:
 343              	.LBB3:
 291:Generated_Source\PSoC4/cyfitter_cfg.c **** 		{
 292:Generated_Source\PSoC4/cyfitter_cfg.c **** 			const cfg_memset_t CYCODE * CYDATA ms = &cfg_memset_list[i];
 344              		.loc 1 292 0 discriminator 3
 345 00f6 FB1D     		adds	r3, r7, #7
 346 00f8 1A78     		ldrb	r2, [r3]
 347 00fa 1300     		movs	r3, r2
 348 00fc 5B00     		lsls	r3, r3, #1
 349 00fe 9B18     		adds	r3, r3, r2
 350 0100 5B00     		lsls	r3, r3, #1
 351 0102 324A     		ldr	r2, .L13+4
 352 0104 9B18     		adds	r3, r3, r2
 353 0106 3B60     		str	r3, [r7]
 293:Generated_Source\PSoC4/cyfitter_cfg.c **** 			CYMEMZERO(ms->address, (size_t)(uint32)(ms->size));
 354              		.loc 1 293 0 discriminator 3
 355 0108 3B68     		ldr	r3, [r7]
 356 010a 1A78     		ldrb	r2, [r3]
 357 010c 5978     		ldrb	r1, [r3, #1]
 358 010e 0902     		lsls	r1, r1, #8
 359 0110 0A43     		orrs	r2, r1
 360 0112 9978     		ldrb	r1, [r3, #2]
 361 0114 0904     		lsls	r1, r1, #16
 362 0116 0A43     		orrs	r2, r1
 363 0118 DB78     		ldrb	r3, [r3, #3]
 364 011a 1B06     		lsls	r3, r3, #24
 365 011c 1343     		orrs	r3, r2
 366 011e 1800     		movs	r0, r3
 367 0120 3B68     		ldr	r3, [r7]
 368 0122 1A79     		ldrb	r2, [r3, #4]
 369 0124 5B79     		ldrb	r3, [r3, #5]
 370 0126 1B02     		lsls	r3, r3, #8
 371 0128 1343     		orrs	r3, r2
 372 012a 9BB2     		uxth	r3, r3
 373 012c 1900     		movs	r1, r3
 374 012e FFF7FEFF 		bl	CYMEMZERO
 375              	.LBE3:
 290:Generated_Source\PSoC4/cyfitter_cfg.c **** 		{
 376              		.loc 1 290 0 discriminator 3
 377 0132 FB1D     		adds	r3, r7, #7
 378 0134 1A78     		ldrb	r2, [r3]
 379 0136 FB1D     		adds	r3, r7, #7
 380 0138 0132     		adds	r2, r2, #1
 381 013a 1A70     		strb	r2, [r3]
 382              	.L11:
 290:Generated_Source\PSoC4/cyfitter_cfg.c **** 		{
 383              		.loc 1 290 0 is_stmt 0 discriminator 1
 384 013c FB1D     		adds	r3, r7, #7
 385 013e 1B78     		ldrb	r3, [r3]
 386 0140 012B     		cmp	r3, #1
 387 0142 D8D9     		bls	.L12
 294:Generated_Source\PSoC4/cyfitter_cfg.c **** 		}
 295:Generated_Source\PSoC4/cyfitter_cfg.c **** 
ARM GAS  C:\Users\cnpan\AppData\Local\Temp\ccPqfZkp.s 			page 13


 296:Generated_Source\PSoC4/cyfitter_cfg.c **** 		/* HSIOM Starting address: CYDEV_HSIOM_BASE */
 297:Generated_Source\PSoC4/cyfitter_cfg.c **** 		CY_SET_REG32((void *)(CYREG_HSIOM_PORT_SEL1), 0x00990000u);
 388              		.loc 1 297 0 is_stmt 1
 389 0144 224B     		ldr	r3, .L13+8
 390 0146 9922     		movs	r2, #153
 391 0148 1204     		lsls	r2, r2, #16
 392 014a 1A60     		str	r2, [r3]
 298:Generated_Source\PSoC4/cyfitter_cfg.c **** 
 299:Generated_Source\PSoC4/cyfitter_cfg.c **** 		/* FORCED_HSIOM Starting address: CYDEV_HSIOM_PORT_SEL0 */
 300:Generated_Source\PSoC4/cyfitter_cfg.c **** 		CY_SET_REG32((void *)(CYREG_HSIOM_PORT_SEL0), 0x00000000u);
 393              		.loc 1 300 0
 394 014c 214B     		ldr	r3, .L13+12
 395 014e 0022     		movs	r2, #0
 396 0150 1A60     		str	r2, [r3]
 301:Generated_Source\PSoC4/cyfitter_cfg.c **** 
 302:Generated_Source\PSoC4/cyfitter_cfg.c **** 		/* IOPINS0_0 Starting address: CYDEV_GPIO_PRT0_PC */
 303:Generated_Source\PSoC4/cyfitter_cfg.c **** 		CY_SET_REG32((void *)(CYREG_GPIO_PRT0_PC), 0x00000000u);
 397              		.loc 1 303 0
 398 0152 214B     		ldr	r3, .L13+16
 399 0154 0022     		movs	r2, #0
 400 0156 1A60     		str	r2, [r3]
 304:Generated_Source\PSoC4/cyfitter_cfg.c **** 
 305:Generated_Source\PSoC4/cyfitter_cfg.c **** 		/* UDB_PA_1 Starting address: CYDEV_UDB_PA1_BASE */
 306:Generated_Source\PSoC4/cyfitter_cfg.c **** 		CY_SET_REG32((void *)(CYDEV_UDB_PA1_BASE), 0x00990000u);
 401              		.loc 1 306 0
 402 0158 204B     		ldr	r3, .L13+20
 403 015a 9922     		movs	r2, #153
 404 015c 1204     		lsls	r2, r2, #16
 405 015e 1A60     		str	r2, [r3]
 307:Generated_Source\PSoC4/cyfitter_cfg.c **** 
 308:Generated_Source\PSoC4/cyfitter_cfg.c **** 		/* UDB_PA_2 Starting address: CYDEV_UDB_PA2_BASE */
 309:Generated_Source\PSoC4/cyfitter_cfg.c **** 		CY_SET_REG32((void *)(CYDEV_UDB_PA2_BASE), 0x00990000u);
 406              		.loc 1 309 0
 407 0160 1F4B     		ldr	r3, .L13+24
 408 0162 9922     		movs	r2, #153
 409 0164 1204     		lsls	r2, r2, #16
 410 0166 1A60     		str	r2, [r3]
 310:Generated_Source\PSoC4/cyfitter_cfg.c **** 
 311:Generated_Source\PSoC4/cyfitter_cfg.c **** 		/* UDB_PA_3 Starting address: CYDEV_UDB_PA3_BASE */
 312:Generated_Source\PSoC4/cyfitter_cfg.c **** 		CY_SET_REG32((void *)(CYDEV_UDB_PA3_BASE), 0x00990000u);
 411              		.loc 1 312 0
 412 0168 1E4B     		ldr	r3, .L13+28
 413 016a 9922     		movs	r2, #153
 414 016c 1204     		lsls	r2, r2, #16
 415 016e 1A60     		str	r2, [r3]
 313:Generated_Source\PSoC4/cyfitter_cfg.c **** 
 314:Generated_Source\PSoC4/cyfitter_cfg.c **** 		/* Enable digital routing */
 315:Generated_Source\PSoC4/cyfitter_cfg.c **** 		CY_SET_XTND_REG8((void *)CYREG_UDB_UDBIF_BANK_CTL, (uint8)(CY_GET_XTND_REG8((void *)CYREG_UDB_UDB
 416              		.loc 1 315 0
 417 0170 1D4A     		ldr	r2, .L13+32
 418 0172 1D4B     		ldr	r3, .L13+32
 419 0174 1B78     		ldrb	r3, [r3]
 420 0176 DBB2     		uxtb	r3, r3
 421 0178 0621     		movs	r1, #6
 422 017a 0B43     		orrs	r3, r1
 423 017c DBB2     		uxtb	r3, r3
 424 017e 1370     		strb	r3, [r2]
ARM GAS  C:\Users\cnpan\AppData\Local\Temp\ccPqfZkp.s 			page 14


 425              	.LBE2:
 316:Generated_Source\PSoC4/cyfitter_cfg.c **** 	}
 317:Generated_Source\PSoC4/cyfitter_cfg.c **** 
 318:Generated_Source\PSoC4/cyfitter_cfg.c **** 	/* Perform second pass device configuration. These items must be configured in specific order afte
 319:Generated_Source\PSoC4/cyfitter_cfg.c **** 	/* IOPINS0_1 Starting address: CYDEV_GPIO_PRT1_BASE */
 320:Generated_Source\PSoC4/cyfitter_cfg.c **** 	CY_SET_REG32((void *)(CYDEV_GPIO_PRT1_BASE), 0x00000020u);
 426              		.loc 1 320 0
 427 0180 1A4B     		ldr	r3, .L13+36
 428 0182 2022     		movs	r2, #32
 429 0184 1A60     		str	r2, [r3]
 321:Generated_Source\PSoC4/cyfitter_cfg.c **** 	CY_SET_REG32((void *)(CYREG_GPIO_PRT1_PC), 0x00031000u);
 430              		.loc 1 321 0
 431 0186 1A4B     		ldr	r3, .L13+40
 432 0188 C422     		movs	r2, #196
 433 018a 9202     		lsls	r2, r2, #10
 434 018c 1A60     		str	r2, [r3]
 322:Generated_Source\PSoC4/cyfitter_cfg.c **** 	CY_SET_REG32((void *)(CYREG_GPIO_PRT1_PC2), 0x00000020u);
 435              		.loc 1 322 0
 436 018e 194B     		ldr	r3, .L13+44
 437 0190 2022     		movs	r2, #32
 438 0192 1A60     		str	r2, [r3]
 323:Generated_Source\PSoC4/cyfitter_cfg.c **** 
 324:Generated_Source\PSoC4/cyfitter_cfg.c **** 	/* IOPINS0_2 Starting address: CYDEV_GPIO_PRT2_BASE */
 325:Generated_Source\PSoC4/cyfitter_cfg.c **** 	CY_SET_REG32((void *)(CYDEV_GPIO_PRT2_BASE), 0x00000080u);
 439              		.loc 1 325 0
 440 0194 184B     		ldr	r3, .L13+48
 441 0196 8022     		movs	r2, #128
 442 0198 1A60     		str	r2, [r3]
 326:Generated_Source\PSoC4/cyfitter_cfg.c **** 	CY_SET_REG32((void *)(CYREG_GPIO_PRT2_PC), 0x00400000u);
 443              		.loc 1 326 0
 444 019a 184B     		ldr	r3, .L13+52
 445 019c 8022     		movs	r2, #128
 446 019e D203     		lsls	r2, r2, #15
 447 01a0 1A60     		str	r2, [r3]
 327:Generated_Source\PSoC4/cyfitter_cfg.c **** 	CY_SET_REG32((void *)(CYREG_GPIO_PRT2_INTR_CFG), 0x00008000u);
 448              		.loc 1 327 0
 449 01a2 174B     		ldr	r3, .L13+56
 450 01a4 8022     		movs	r2, #128
 451 01a6 1202     		lsls	r2, r2, #8
 452 01a8 1A60     		str	r2, [r3]
 328:Generated_Source\PSoC4/cyfitter_cfg.c **** 
 329:Generated_Source\PSoC4/cyfitter_cfg.c **** 	/* IOPINS0_3 Starting address: CYDEV_GPIO_PRT3_BASE */
 330:Generated_Source\PSoC4/cyfitter_cfg.c **** 	CY_SET_REG32((void *)(CYDEV_GPIO_PRT3_BASE), 0x00000080u);
 453              		.loc 1 330 0
 454 01aa 164B     		ldr	r3, .L13+60
 455 01ac 8022     		movs	r2, #128
 456 01ae 1A60     		str	r2, [r3]
 331:Generated_Source\PSoC4/cyfitter_cfg.c **** 	CY_SET_REG32((void *)(CYREG_GPIO_PRT3_PC), 0x00C00000u);
 457              		.loc 1 331 0
 458 01b0 154B     		ldr	r3, .L13+64
 459 01b2 C022     		movs	r2, #192
 460 01b4 1204     		lsls	r2, r2, #16
 461 01b6 1A60     		str	r2, [r3]
 332:Generated_Source\PSoC4/cyfitter_cfg.c **** 
 333:Generated_Source\PSoC4/cyfitter_cfg.c **** 
 334:Generated_Source\PSoC4/cyfitter_cfg.c **** 	/* Setup clocks based on selections from Clock DWR */
 335:Generated_Source\PSoC4/cyfitter_cfg.c **** 	ClockSetup();
ARM GAS  C:\Users\cnpan\AppData\Local\Temp\ccPqfZkp.s 			page 15


 462              		.loc 1 335 0
 463 01b8 FFF722FF 		bl	ClockSetup
 336:Generated_Source\PSoC4/cyfitter_cfg.c **** 
 337:Generated_Source\PSoC4/cyfitter_cfg.c **** 	/* Perform basic analog initialization to defaults */
 338:Generated_Source\PSoC4/cyfitter_cfg.c **** 	AnalogSetDefault();
 464              		.loc 1 338 0
 465 01bc FFF7FEFF 		bl	AnalogSetDefault
 339:Generated_Source\PSoC4/cyfitter_cfg.c **** 
 340:Generated_Source\PSoC4/cyfitter_cfg.c **** }
 466              		.loc 1 340 0
 467 01c0 C046     		nop
 468 01c2 BD46     		mov	sp, r7
 469 01c4 02B0     		add	sp, sp, #8
 470              		@ sp needed
 471 01c6 80BD     		pop	{r7, pc}
 472              	.L14:
 473              		.align	2
 474              	.L13:
 475 01c8 6CF02E40 		.word	1076818028
 476 01cc 00000000 		.word	cfg_memset_list.4884
 477 01d0 00010240 		.word	1073873152
 478 01d4 00000240 		.word	1073872896
 479 01d8 08000440 		.word	1074003976
 480 01dc 10500F40 		.word	1074745360
 481 01e0 20500F40 		.word	1074745376
 482 01e4 30500F40 		.word	1074745392
 483 01e8 00700F40 		.word	1074753536
 484 01ec 00010440 		.word	1074004224
 485 01f0 08010440 		.word	1074004232
 486 01f4 18010440 		.word	1074004248
 487 01f8 00020440 		.word	1074004480
 488 01fc 08020440 		.word	1074004488
 489 0200 0C020440 		.word	1074004492
 490 0204 00030440 		.word	1074004736
 491 0208 08030440 		.word	1074004744
 492              		.cfi_endproc
 493              	.LFE7:
 494              		.size	cyfitter_cfg, .-cyfitter_cfg
 495              		.section	.rodata
 496              		.align	2
 497              		.type	cfg_memset_list.4884, %object
 498              		.size	cfg_memset_list.4884, 12
 499              	cfg_memset_list.4884:
 500 0000 00300F40 		.word	1074737152
 501 0004 0004     		.short	1024
 502 0006 00400F40 		.4byte	1074741248
 503 000a 0004     		.short	1024
 504              		.text
 505              	.Letext0:
 506              		.file 2 "c:\\program files (x86)\\cypress\\psoc creator\\4.1\\psoc creator\\import\\gnu\\arm\\5.4.
 507              		.file 3 "Generated_Source\\PSoC4\\cytypes.h"
 508              		.section	.debug_info,"",%progbits
 509              	.Ldebug_info0:
 510 0000 55020000 		.4byte	0x255
 511 0004 0400     		.2byte	0x4
 512 0006 00000000 		.4byte	.Ldebug_abbrev0
 513 000a 04       		.byte	0x4
ARM GAS  C:\Users\cnpan\AppData\Local\Temp\ccPqfZkp.s 			page 16


 514 000b 01       		.uleb128 0x1
 515 000c 83000000 		.4byte	.LASF30
 516 0010 0C       		.byte	0xc
 517 0011 31020000 		.4byte	.LASF31
 518 0015 C1010000 		.4byte	.LASF32
 519 0019 00000000 		.4byte	.Ldebug_ranges0+0
 520 001d 00000000 		.4byte	0
 521 0021 00000000 		.4byte	.Ldebug_line0
 522 0025 02       		.uleb128 0x2
 523 0026 04       		.byte	0x4
 524 0027 05       		.byte	0x5
 525 0028 696E7400 		.ascii	"int\000"
 526 002c 03       		.uleb128 0x3
 527 002d 06000000 		.4byte	.LASF12
 528 0031 02       		.byte	0x2
 529 0032 D8       		.byte	0xd8
 530 0033 37000000 		.4byte	0x37
 531 0037 04       		.uleb128 0x4
 532 0038 04       		.byte	0x4
 533 0039 07       		.byte	0x7
 534 003a 41010000 		.4byte	.LASF0
 535 003e 04       		.uleb128 0x4
 536 003f 08       		.byte	0x8
 537 0040 05       		.byte	0x5
 538 0041 83010000 		.4byte	.LASF1
 539 0045 04       		.uleb128 0x4
 540 0046 08       		.byte	0x8
 541 0047 04       		.byte	0x4
 542 0048 A9010000 		.4byte	.LASF2
 543 004c 04       		.uleb128 0x4
 544 004d 01       		.byte	0x1
 545 004e 06       		.byte	0x6
 546 004f B5010000 		.4byte	.LASF3
 547 0053 04       		.uleb128 0x4
 548 0054 01       		.byte	0x1
 549 0055 08       		.byte	0x8
 550 0056 11010000 		.4byte	.LASF4
 551 005a 04       		.uleb128 0x4
 552 005b 02       		.byte	0x2
 553 005c 05       		.byte	0x5
 554 005d 96010000 		.4byte	.LASF5
 555 0061 04       		.uleb128 0x4
 556 0062 02       		.byte	0x2
 557 0063 07       		.byte	0x7
 558 0064 39000000 		.4byte	.LASF6
 559 0068 04       		.uleb128 0x4
 560 0069 04       		.byte	0x4
 561 006a 05       		.byte	0x5
 562 006b A0010000 		.4byte	.LASF7
 563 006f 04       		.uleb128 0x4
 564 0070 04       		.byte	0x4
 565 0071 07       		.byte	0x7
 566 0072 61000000 		.4byte	.LASF8
 567 0076 04       		.uleb128 0x4
 568 0077 08       		.byte	0x8
 569 0078 07       		.byte	0x7
 570 0079 56010000 		.4byte	.LASF9
ARM GAS  C:\Users\cnpan\AppData\Local\Temp\ccPqfZkp.s 			page 17


 571 007d 04       		.uleb128 0x4
 572 007e 04       		.byte	0x4
 573 007f 07       		.byte	0x7
 574 0080 7A010000 		.4byte	.LASF10
 575 0084 05       		.uleb128 0x5
 576 0085 04       		.byte	0x4
 577 0086 04       		.uleb128 0x4
 578 0087 01       		.byte	0x1
 579 0088 08       		.byte	0x8
 580 0089 91010000 		.4byte	.LASF11
 581 008d 06       		.uleb128 0x6
 582 008e 73000000 		.4byte	.LASF13
 583 0092 03       		.byte	0x3
 584 0093 B901     		.2byte	0x1b9
 585 0095 53000000 		.4byte	0x53
 586 0099 06       		.uleb128 0x6
 587 009a 33010000 		.4byte	.LASF14
 588 009e 03       		.byte	0x3
 589 009f BA01     		.2byte	0x1ba
 590 00a1 61000000 		.4byte	0x61
 591 00a5 06       		.uleb128 0x6
 592 00a6 3A010000 		.4byte	.LASF15
 593 00aa 03       		.byte	0x3
 594 00ab BB01     		.2byte	0x1bb
 595 00ad 6F000000 		.4byte	0x6f
 596 00b1 04       		.uleb128 0x4
 597 00b2 04       		.byte	0x4
 598 00b3 04       		.byte	0x4
 599 00b4 4C000000 		.4byte	.LASF16
 600 00b8 04       		.uleb128 0x4
 601 00b9 08       		.byte	0x8
 602 00ba 04       		.byte	0x4
 603 00bb 1F010000 		.4byte	.LASF17
 604 00bf 06       		.uleb128 0x6
 605 00c0 5C000000 		.4byte	.LASF18
 606 00c4 03       		.byte	0x3
 607 00c5 6302     		.2byte	0x263
 608 00c7 CB000000 		.4byte	0xcb
 609 00cb 07       		.uleb128 0x7
 610 00cc 8D000000 		.4byte	0x8d
 611 00d0 06       		.uleb128 0x6
 612 00d1 00000000 		.4byte	.LASF19
 613 00d5 03       		.byte	0x3
 614 00d6 6502     		.2byte	0x265
 615 00d8 DC000000 		.4byte	0xdc
 616 00dc 07       		.uleb128 0x7
 617 00dd A5000000 		.4byte	0xa5
 618 00e1 08       		.uleb128 0x8
 619 00e2 79000000 		.4byte	.LASF20
 620 00e6 01       		.byte	0x1
 621 00e7 4A       		.byte	0x4a
 622 00e8 00000000 		.4byte	.LFB2
 623 00ec 1E000000 		.4byte	.LFE2-.LFB2
 624 00f0 01       		.uleb128 0x1
 625 00f1 9C       		.byte	0x9c
 626 00f2 0F010000 		.4byte	0x10f
 627 00f6 09       		.uleb128 0x9
ARM GAS  C:\Users\cnpan\AppData\Local\Temp\ccPqfZkp.s 			page 18


 628 00f7 7300     		.ascii	"s\000"
 629 00f9 01       		.byte	0x1
 630 00fa 4A       		.byte	0x4a
 631 00fb 84000000 		.4byte	0x84
 632 00ff 02       		.uleb128 0x2
 633 0100 91       		.byte	0x91
 634 0101 74       		.sleb128 -12
 635 0102 09       		.uleb128 0x9
 636 0103 6E00     		.ascii	"n\000"
 637 0105 01       		.byte	0x1
 638 0106 4A       		.byte	0x4a
 639 0107 2C000000 		.4byte	0x2c
 640 010b 02       		.uleb128 0x2
 641 010c 91       		.byte	0x91
 642 010d 70       		.sleb128 -16
 643 010e 00       		.byte	0
 644 010f 08       		.uleb128 0x8
 645 0110 67020000 		.4byte	.LASF21
 646 0114 01       		.byte	0x1
 647 0115 51       		.byte	0x51
 648 0116 00000000 		.4byte	.LFB3
 649 011a 20000000 		.4byte	.LFE3-.LFB3
 650 011e 01       		.uleb128 0x1
 651 011f 9C       		.byte	0x9c
 652 0120 4D010000 		.4byte	0x14d
 653 0124 0A       		.uleb128 0xa
 654 0125 52000000 		.4byte	.LASF22
 655 0129 01       		.byte	0x1
 656 012a 51       		.byte	0x51
 657 012b 84000000 		.4byte	0x84
 658 012f 02       		.uleb128 0x2
 659 0130 91       		.byte	0x91
 660 0131 74       		.sleb128 -12
 661 0132 09       		.uleb128 0x9
 662 0133 73726300 		.ascii	"src\000"
 663 0137 01       		.byte	0x1
 664 0138 51       		.byte	0x51
 665 0139 4D010000 		.4byte	0x14d
 666 013d 02       		.uleb128 0x2
 667 013e 91       		.byte	0x91
 668 013f 70       		.sleb128 -16
 669 0140 09       		.uleb128 0x9
 670 0141 6E00     		.ascii	"n\000"
 671 0143 01       		.byte	0x1
 672 0144 51       		.byte	0x51
 673 0145 2C000000 		.4byte	0x2c
 674 0149 02       		.uleb128 0x2
 675 014a 91       		.byte	0x91
 676 014b 6C       		.sleb128 -20
 677 014c 00       		.byte	0
 678 014d 0B       		.uleb128 0xb
 679 014e 04       		.byte	0x4
 680 014f 53010000 		.4byte	0x153
 681 0153 0C       		.uleb128 0xc
 682 0154 08       		.uleb128 0x8
 683 0155 57020000 		.4byte	.LASF23
 684 0159 01       		.byte	0x1
ARM GAS  C:\Users\cnpan\AppData\Local\Temp\ccPqfZkp.s 			page 19


 685 015a 58       		.byte	0x58
 686 015b 00000000 		.4byte	.LFB4
 687 015f 20000000 		.4byte	.LFE4-.LFB4
 688 0163 01       		.uleb128 0x1
 689 0164 9C       		.byte	0x9c
 690 0165 92010000 		.4byte	0x192
 691 0169 0A       		.uleb128 0xa
 692 016a 52000000 		.4byte	.LASF22
 693 016e 01       		.byte	0x1
 694 016f 58       		.byte	0x58
 695 0170 84000000 		.4byte	0x84
 696 0174 02       		.uleb128 0x2
 697 0175 91       		.byte	0x91
 698 0176 74       		.sleb128 -12
 699 0177 09       		.uleb128 0x9
 700 0178 73726300 		.ascii	"src\000"
 701 017c 01       		.byte	0x1
 702 017d 58       		.byte	0x58
 703 017e 4D010000 		.4byte	0x14d
 704 0182 02       		.uleb128 0x2
 705 0183 91       		.byte	0x91
 706 0184 70       		.sleb128 -16
 707 0185 09       		.uleb128 0x9
 708 0186 6E00     		.ascii	"n\000"
 709 0188 01       		.byte	0x1
 710 0189 58       		.byte	0x58
 711 018a 2C000000 		.4byte	0x2c
 712 018e 02       		.uleb128 0x2
 713 018f 91       		.byte	0x91
 714 0190 6C       		.sleb128 -20
 715 0191 00       		.byte	0
 716 0192 0D       		.uleb128 0xd
 717 0193 2E000000 		.4byte	.LASF24
 718 0197 01       		.byte	0x1
 719 0198 AB       		.byte	0xab
 720 0199 00000000 		.4byte	.LFB5
 721 019d E0000000 		.4byte	.LFE5-.LFB5
 722 01a1 01       		.uleb128 0x1
 723 01a2 9C       		.byte	0x9c
 724 01a3 0E       		.uleb128 0xe
 725 01a4 0D000000 		.4byte	.LASF25
 726 01a8 01       		.byte	0x1
 727 01a9 F0       		.byte	0xf0
 728 01aa 00000000 		.4byte	.LFB6
 729 01ae 28000000 		.4byte	.LFE6-.LFB6
 730 01b2 01       		.uleb128 0x1
 731 01b3 9C       		.byte	0x9c
 732 01b4 0F       		.uleb128 0xf
 733 01b5 26010000 		.4byte	.LASF33
 734 01b9 01       		.byte	0x1
 735 01ba 0B01     		.2byte	0x10b
 736 01bc E0000000 		.4byte	.LFB7
 737 01c0 2C010000 		.4byte	.LFE7-.LFB7
 738 01c4 01       		.uleb128 0x1
 739 01c5 9C       		.byte	0x9c
 740 01c6 10       		.uleb128 0x10
 741 01c7 EE000000 		.4byte	.LBB2
ARM GAS  C:\Users\cnpan\AppData\Local\Temp\ccPqfZkp.s 			page 20


 742 01cb 92000000 		.4byte	.LBE2-.LBB2
 743 01cf 11       		.uleb128 0x11
 744 01d0 06       		.byte	0x6
 745 01d1 01       		.byte	0x1
 746 01d2 1401     		.2byte	0x114
 747 01d4 F3010000 		.4byte	0x1f3
 748 01d8 12       		.uleb128 0x12
 749 01d9 4E010000 		.4byte	.LASF26
 750 01dd 01       		.byte	0x1
 751 01de 1501     		.2byte	0x115
 752 01e0 84000000 		.4byte	0x84
 753 01e4 00       		.byte	0
 754 01e5 12       		.uleb128 0x12
 755 01e6 57000000 		.4byte	.LASF27
 756 01ea 01       		.byte	0x1
 757 01eb 1601     		.2byte	0x116
 758 01ed 99000000 		.4byte	0x99
 759 01f1 04       		.byte	0x4
 760 01f2 00       		.byte	0
 761 01f3 06       		.uleb128 0x6
 762 01f4 6D010000 		.4byte	.LASF28
 763 01f8 01       		.byte	0x1
 764 01f9 1701     		.2byte	0x117
 765 01fb CF010000 		.4byte	0x1cf
 766 01ff 13       		.uleb128 0x13
 767 0200 0F020000 		.4byte	0x20f
 768 0204 0F020000 		.4byte	0x20f
 769 0208 14       		.uleb128 0x14
 770 0209 7D000000 		.4byte	0x7d
 771 020d 01       		.byte	0x1
 772 020e 00       		.byte	0
 773 020f 15       		.uleb128 0x15
 774 0210 F3010000 		.4byte	0x1f3
 775 0214 16       		.uleb128 0x16
 776 0215 1E000000 		.4byte	.LASF29
 777 0219 01       		.byte	0x1
 778 021a 1901     		.2byte	0x119
 779 021c 26020000 		.4byte	0x226
 780 0220 05       		.uleb128 0x5
 781 0221 03       		.byte	0x3
 782 0222 00000000 		.4byte	cfg_memset_list.4884
 783 0226 15       		.uleb128 0x15
 784 0227 FF010000 		.4byte	0x1ff
 785 022b 17       		.uleb128 0x17
 786 022c 6900     		.ascii	"i\000"
 787 022e 01       		.byte	0x1
 788 022f 1F01     		.2byte	0x11f
 789 0231 8D000000 		.4byte	0x8d
 790 0235 02       		.uleb128 0x2
 791 0236 91       		.byte	0x91
 792 0237 77       		.sleb128 -9
 793 0238 10       		.uleb128 0x10
 794 0239 F6000000 		.4byte	.LBB3
 795 023d 3C000000 		.4byte	.LBE3-.LBB3
 796 0241 17       		.uleb128 0x17
 797 0242 6D7300   		.ascii	"ms\000"
 798 0245 01       		.byte	0x1
ARM GAS  C:\Users\cnpan\AppData\Local\Temp\ccPqfZkp.s 			page 21


 799 0246 2401     		.2byte	0x124
 800 0248 4F020000 		.4byte	0x24f
 801 024c 02       		.uleb128 0x2
 802 024d 91       		.byte	0x91
 803 024e 70       		.sleb128 -16
 804 024f 0B       		.uleb128 0xb
 805 0250 04       		.byte	0x4
 806 0251 0F020000 		.4byte	0x20f
 807 0255 00       		.byte	0
 808 0256 00       		.byte	0
 809 0257 00       		.byte	0
 810 0258 00       		.byte	0
 811              		.section	.debug_abbrev,"",%progbits
 812              	.Ldebug_abbrev0:
 813 0000 01       		.uleb128 0x1
 814 0001 11       		.uleb128 0x11
 815 0002 01       		.byte	0x1
 816 0003 25       		.uleb128 0x25
 817 0004 0E       		.uleb128 0xe
 818 0005 13       		.uleb128 0x13
 819 0006 0B       		.uleb128 0xb
 820 0007 03       		.uleb128 0x3
 821 0008 0E       		.uleb128 0xe
 822 0009 1B       		.uleb128 0x1b
 823 000a 0E       		.uleb128 0xe
 824 000b 55       		.uleb128 0x55
 825 000c 17       		.uleb128 0x17
 826 000d 11       		.uleb128 0x11
 827 000e 01       		.uleb128 0x1
 828 000f 10       		.uleb128 0x10
 829 0010 17       		.uleb128 0x17
 830 0011 00       		.byte	0
 831 0012 00       		.byte	0
 832 0013 02       		.uleb128 0x2
 833 0014 24       		.uleb128 0x24
 834 0015 00       		.byte	0
 835 0016 0B       		.uleb128 0xb
 836 0017 0B       		.uleb128 0xb
 837 0018 3E       		.uleb128 0x3e
 838 0019 0B       		.uleb128 0xb
 839 001a 03       		.uleb128 0x3
 840 001b 08       		.uleb128 0x8
 841 001c 00       		.byte	0
 842 001d 00       		.byte	0
 843 001e 03       		.uleb128 0x3
 844 001f 16       		.uleb128 0x16
 845 0020 00       		.byte	0
 846 0021 03       		.uleb128 0x3
 847 0022 0E       		.uleb128 0xe
 848 0023 3A       		.uleb128 0x3a
 849 0024 0B       		.uleb128 0xb
 850 0025 3B       		.uleb128 0x3b
 851 0026 0B       		.uleb128 0xb
 852 0027 49       		.uleb128 0x49
 853 0028 13       		.uleb128 0x13
 854 0029 00       		.byte	0
 855 002a 00       		.byte	0
ARM GAS  C:\Users\cnpan\AppData\Local\Temp\ccPqfZkp.s 			page 22


 856 002b 04       		.uleb128 0x4
 857 002c 24       		.uleb128 0x24
 858 002d 00       		.byte	0
 859 002e 0B       		.uleb128 0xb
 860 002f 0B       		.uleb128 0xb
 861 0030 3E       		.uleb128 0x3e
 862 0031 0B       		.uleb128 0xb
 863 0032 03       		.uleb128 0x3
 864 0033 0E       		.uleb128 0xe
 865 0034 00       		.byte	0
 866 0035 00       		.byte	0
 867 0036 05       		.uleb128 0x5
 868 0037 0F       		.uleb128 0xf
 869 0038 00       		.byte	0
 870 0039 0B       		.uleb128 0xb
 871 003a 0B       		.uleb128 0xb
 872 003b 00       		.byte	0
 873 003c 00       		.byte	0
 874 003d 06       		.uleb128 0x6
 875 003e 16       		.uleb128 0x16
 876 003f 00       		.byte	0
 877 0040 03       		.uleb128 0x3
 878 0041 0E       		.uleb128 0xe
 879 0042 3A       		.uleb128 0x3a
 880 0043 0B       		.uleb128 0xb
 881 0044 3B       		.uleb128 0x3b
 882 0045 05       		.uleb128 0x5
 883 0046 49       		.uleb128 0x49
 884 0047 13       		.uleb128 0x13
 885 0048 00       		.byte	0
 886 0049 00       		.byte	0
 887 004a 07       		.uleb128 0x7
 888 004b 35       		.uleb128 0x35
 889 004c 00       		.byte	0
 890 004d 49       		.uleb128 0x49
 891 004e 13       		.uleb128 0x13
 892 004f 00       		.byte	0
 893 0050 00       		.byte	0
 894 0051 08       		.uleb128 0x8
 895 0052 2E       		.uleb128 0x2e
 896 0053 01       		.byte	0x1
 897 0054 03       		.uleb128 0x3
 898 0055 0E       		.uleb128 0xe
 899 0056 3A       		.uleb128 0x3a
 900 0057 0B       		.uleb128 0xb
 901 0058 3B       		.uleb128 0x3b
 902 0059 0B       		.uleb128 0xb
 903 005a 27       		.uleb128 0x27
 904 005b 19       		.uleb128 0x19
 905 005c 11       		.uleb128 0x11
 906 005d 01       		.uleb128 0x1
 907 005e 12       		.uleb128 0x12
 908 005f 06       		.uleb128 0x6
 909 0060 40       		.uleb128 0x40
 910 0061 18       		.uleb128 0x18
 911 0062 9642     		.uleb128 0x2116
 912 0064 19       		.uleb128 0x19
ARM GAS  C:\Users\cnpan\AppData\Local\Temp\ccPqfZkp.s 			page 23


 913 0065 01       		.uleb128 0x1
 914 0066 13       		.uleb128 0x13
 915 0067 00       		.byte	0
 916 0068 00       		.byte	0
 917 0069 09       		.uleb128 0x9
 918 006a 05       		.uleb128 0x5
 919 006b 00       		.byte	0
 920 006c 03       		.uleb128 0x3
 921 006d 08       		.uleb128 0x8
 922 006e 3A       		.uleb128 0x3a
 923 006f 0B       		.uleb128 0xb
 924 0070 3B       		.uleb128 0x3b
 925 0071 0B       		.uleb128 0xb
 926 0072 49       		.uleb128 0x49
 927 0073 13       		.uleb128 0x13
 928 0074 02       		.uleb128 0x2
 929 0075 18       		.uleb128 0x18
 930 0076 00       		.byte	0
 931 0077 00       		.byte	0
 932 0078 0A       		.uleb128 0xa
 933 0079 05       		.uleb128 0x5
 934 007a 00       		.byte	0
 935 007b 03       		.uleb128 0x3
 936 007c 0E       		.uleb128 0xe
 937 007d 3A       		.uleb128 0x3a
 938 007e 0B       		.uleb128 0xb
 939 007f 3B       		.uleb128 0x3b
 940 0080 0B       		.uleb128 0xb
 941 0081 49       		.uleb128 0x49
 942 0082 13       		.uleb128 0x13
 943 0083 02       		.uleb128 0x2
 944 0084 18       		.uleb128 0x18
 945 0085 00       		.byte	0
 946 0086 00       		.byte	0
 947 0087 0B       		.uleb128 0xb
 948 0088 0F       		.uleb128 0xf
 949 0089 00       		.byte	0
 950 008a 0B       		.uleb128 0xb
 951 008b 0B       		.uleb128 0xb
 952 008c 49       		.uleb128 0x49
 953 008d 13       		.uleb128 0x13
 954 008e 00       		.byte	0
 955 008f 00       		.byte	0
 956 0090 0C       		.uleb128 0xc
 957 0091 26       		.uleb128 0x26
 958 0092 00       		.byte	0
 959 0093 00       		.byte	0
 960 0094 00       		.byte	0
 961 0095 0D       		.uleb128 0xd
 962 0096 2E       		.uleb128 0x2e
 963 0097 00       		.byte	0
 964 0098 03       		.uleb128 0x3
 965 0099 0E       		.uleb128 0xe
 966 009a 3A       		.uleb128 0x3a
 967 009b 0B       		.uleb128 0xb
 968 009c 3B       		.uleb128 0x3b
 969 009d 0B       		.uleb128 0xb
ARM GAS  C:\Users\cnpan\AppData\Local\Temp\ccPqfZkp.s 			page 24


 970 009e 27       		.uleb128 0x27
 971 009f 19       		.uleb128 0x19
 972 00a0 11       		.uleb128 0x11
 973 00a1 01       		.uleb128 0x1
 974 00a2 12       		.uleb128 0x12
 975 00a3 06       		.uleb128 0x6
 976 00a4 40       		.uleb128 0x40
 977 00a5 18       		.uleb128 0x18
 978 00a6 9642     		.uleb128 0x2116
 979 00a8 19       		.uleb128 0x19
 980 00a9 00       		.byte	0
 981 00aa 00       		.byte	0
 982 00ab 0E       		.uleb128 0xe
 983 00ac 2E       		.uleb128 0x2e
 984 00ad 00       		.byte	0
 985 00ae 03       		.uleb128 0x3
 986 00af 0E       		.uleb128 0xe
 987 00b0 3A       		.uleb128 0x3a
 988 00b1 0B       		.uleb128 0xb
 989 00b2 3B       		.uleb128 0x3b
 990 00b3 0B       		.uleb128 0xb
 991 00b4 27       		.uleb128 0x27
 992 00b5 19       		.uleb128 0x19
 993 00b6 11       		.uleb128 0x11
 994 00b7 01       		.uleb128 0x1
 995 00b8 12       		.uleb128 0x12
 996 00b9 06       		.uleb128 0x6
 997 00ba 40       		.uleb128 0x40
 998 00bb 18       		.uleb128 0x18
 999 00bc 9742     		.uleb128 0x2117
 1000 00be 19       		.uleb128 0x19
 1001 00bf 00       		.byte	0
 1002 00c0 00       		.byte	0
 1003 00c1 0F       		.uleb128 0xf
 1004 00c2 2E       		.uleb128 0x2e
 1005 00c3 01       		.byte	0x1
 1006 00c4 3F       		.uleb128 0x3f
 1007 00c5 19       		.uleb128 0x19
 1008 00c6 03       		.uleb128 0x3
 1009 00c7 0E       		.uleb128 0xe
 1010 00c8 3A       		.uleb128 0x3a
 1011 00c9 0B       		.uleb128 0xb
 1012 00ca 3B       		.uleb128 0x3b
 1013 00cb 05       		.uleb128 0x5
 1014 00cc 27       		.uleb128 0x27
 1015 00cd 19       		.uleb128 0x19
 1016 00ce 11       		.uleb128 0x11
 1017 00cf 01       		.uleb128 0x1
 1018 00d0 12       		.uleb128 0x12
 1019 00d1 06       		.uleb128 0x6
 1020 00d2 40       		.uleb128 0x40
 1021 00d3 18       		.uleb128 0x18
 1022 00d4 9642     		.uleb128 0x2116
 1023 00d6 19       		.uleb128 0x19
 1024 00d7 00       		.byte	0
 1025 00d8 00       		.byte	0
 1026 00d9 10       		.uleb128 0x10
ARM GAS  C:\Users\cnpan\AppData\Local\Temp\ccPqfZkp.s 			page 25


 1027 00da 0B       		.uleb128 0xb
 1028 00db 01       		.byte	0x1
 1029 00dc 11       		.uleb128 0x11
 1030 00dd 01       		.uleb128 0x1
 1031 00de 12       		.uleb128 0x12
 1032 00df 06       		.uleb128 0x6
 1033 00e0 00       		.byte	0
 1034 00e1 00       		.byte	0
 1035 00e2 11       		.uleb128 0x11
 1036 00e3 13       		.uleb128 0x13
 1037 00e4 01       		.byte	0x1
 1038 00e5 0B       		.uleb128 0xb
 1039 00e6 0B       		.uleb128 0xb
 1040 00e7 3A       		.uleb128 0x3a
 1041 00e8 0B       		.uleb128 0xb
 1042 00e9 3B       		.uleb128 0x3b
 1043 00ea 05       		.uleb128 0x5
 1044 00eb 01       		.uleb128 0x1
 1045 00ec 13       		.uleb128 0x13
 1046 00ed 00       		.byte	0
 1047 00ee 00       		.byte	0
 1048 00ef 12       		.uleb128 0x12
 1049 00f0 0D       		.uleb128 0xd
 1050 00f1 00       		.byte	0
 1051 00f2 03       		.uleb128 0x3
 1052 00f3 0E       		.uleb128 0xe
 1053 00f4 3A       		.uleb128 0x3a
 1054 00f5 0B       		.uleb128 0xb
 1055 00f6 3B       		.uleb128 0x3b
 1056 00f7 05       		.uleb128 0x5
 1057 00f8 49       		.uleb128 0x49
 1058 00f9 13       		.uleb128 0x13
 1059 00fa 38       		.uleb128 0x38
 1060 00fb 0B       		.uleb128 0xb
 1061 00fc 00       		.byte	0
 1062 00fd 00       		.byte	0
 1063 00fe 13       		.uleb128 0x13
 1064 00ff 01       		.uleb128 0x1
 1065 0100 01       		.byte	0x1
 1066 0101 49       		.uleb128 0x49
 1067 0102 13       		.uleb128 0x13
 1068 0103 01       		.uleb128 0x1
 1069 0104 13       		.uleb128 0x13
 1070 0105 00       		.byte	0
 1071 0106 00       		.byte	0
 1072 0107 14       		.uleb128 0x14
 1073 0108 21       		.uleb128 0x21
 1074 0109 00       		.byte	0
 1075 010a 49       		.uleb128 0x49
 1076 010b 13       		.uleb128 0x13
 1077 010c 2F       		.uleb128 0x2f
 1078 010d 0B       		.uleb128 0xb
 1079 010e 00       		.byte	0
 1080 010f 00       		.byte	0
 1081 0110 15       		.uleb128 0x15
 1082 0111 26       		.uleb128 0x26
 1083 0112 00       		.byte	0
ARM GAS  C:\Users\cnpan\AppData\Local\Temp\ccPqfZkp.s 			page 26


 1084 0113 49       		.uleb128 0x49
 1085 0114 13       		.uleb128 0x13
 1086 0115 00       		.byte	0
 1087 0116 00       		.byte	0
 1088 0117 16       		.uleb128 0x16
 1089 0118 34       		.uleb128 0x34
 1090 0119 00       		.byte	0
 1091 011a 03       		.uleb128 0x3
 1092 011b 0E       		.uleb128 0xe
 1093 011c 3A       		.uleb128 0x3a
 1094 011d 0B       		.uleb128 0xb
 1095 011e 3B       		.uleb128 0x3b
 1096 011f 05       		.uleb128 0x5
 1097 0120 49       		.uleb128 0x49
 1098 0121 13       		.uleb128 0x13
 1099 0122 02       		.uleb128 0x2
 1100 0123 18       		.uleb128 0x18
 1101 0124 00       		.byte	0
 1102 0125 00       		.byte	0
 1103 0126 17       		.uleb128 0x17
 1104 0127 34       		.uleb128 0x34
 1105 0128 00       		.byte	0
 1106 0129 03       		.uleb128 0x3
 1107 012a 08       		.uleb128 0x8
 1108 012b 3A       		.uleb128 0x3a
 1109 012c 0B       		.uleb128 0xb
 1110 012d 3B       		.uleb128 0x3b
 1111 012e 05       		.uleb128 0x5
 1112 012f 49       		.uleb128 0x49
 1113 0130 13       		.uleb128 0x13
 1114 0131 02       		.uleb128 0x2
 1115 0132 18       		.uleb128 0x18
 1116 0133 00       		.byte	0
 1117 0134 00       		.byte	0
 1118 0135 00       		.byte	0
 1119              		.section	.debug_aranges,"",%progbits
 1120 0000 44000000 		.4byte	0x44
 1121 0004 0200     		.2byte	0x2
 1122 0006 00000000 		.4byte	.Ldebug_info0
 1123 000a 04       		.byte	0x4
 1124 000b 00       		.byte	0
 1125 000c 0000     		.2byte	0
 1126 000e 0000     		.2byte	0
 1127 0010 00000000 		.4byte	.LFB2
 1128 0014 1E000000 		.4byte	.LFE2-.LFB2
 1129 0018 00000000 		.4byte	.LFB3
 1130 001c 20000000 		.4byte	.LFE3-.LFB3
 1131 0020 00000000 		.4byte	.LFB4
 1132 0024 20000000 		.4byte	.LFE4-.LFB4
 1133 0028 00000000 		.4byte	.LFB5
 1134 002c E0000000 		.4byte	.LFE5-.LFB5
 1135 0030 00000000 		.4byte	.LFB6
 1136 0034 28000000 		.4byte	.LFE6-.LFB6
 1137 0038 E0000000 		.4byte	.LFB7
 1138 003c 2C010000 		.4byte	.LFE7-.LFB7
 1139 0040 00000000 		.4byte	0
 1140 0044 00000000 		.4byte	0
ARM GAS  C:\Users\cnpan\AppData\Local\Temp\ccPqfZkp.s 			page 27


 1141              		.section	.debug_ranges,"",%progbits
 1142              	.Ldebug_ranges0:
 1143 0000 00000000 		.4byte	.LFB2
 1144 0004 1E000000 		.4byte	.LFE2
 1145 0008 00000000 		.4byte	.LFB3
 1146 000c 20000000 		.4byte	.LFE3
 1147 0010 00000000 		.4byte	.LFB4
 1148 0014 20000000 		.4byte	.LFE4
 1149 0018 00000000 		.4byte	.LFB5
 1150 001c E0000000 		.4byte	.LFE5
 1151 0020 00000000 		.4byte	.LFB6
 1152 0024 28000000 		.4byte	.LFE6
 1153 0028 E0000000 		.4byte	.LFB7
 1154 002c 0C020000 		.4byte	.LFE7
 1155 0030 00000000 		.4byte	0
 1156 0034 00000000 		.4byte	0
 1157              		.section	.debug_line,"",%progbits
 1158              	.Ldebug_line0:
 1159 0000 73010000 		.section	.debug_str,"MS",%progbits,1
 1159      0200CB00 
 1159      00000201 
 1159      FB0E0D00 
 1159      01010101 
 1160              	.LASF19:
 1161 0000 72656733 		.ascii	"reg32\000"
 1161      3200
 1162              	.LASF12:
 1163 0006 73697A65 		.ascii	"size_t\000"
 1163      5F7400
 1164              	.LASF25:
 1165 000d 416E616C 		.ascii	"AnalogSetDefault\000"
 1165      6F675365 
 1165      74446566 
 1165      61756C74 
 1165      00
 1166              	.LASF29:
 1167 001e 6366675F 		.ascii	"cfg_memset_list\000"
 1167      6D656D73 
 1167      65745F6C 
 1167      69737400 
 1168              	.LASF24:
 1169 002e 436C6F63 		.ascii	"ClockSetup\000"
 1169      6B536574 
 1169      757000
 1170              	.LASF6:
 1171 0039 73686F72 		.ascii	"short unsigned int\000"
 1171      7420756E 
 1171      7369676E 
 1171      65642069 
 1171      6E7400
 1172              	.LASF16:
 1173 004c 666C6F61 		.ascii	"float\000"
 1173      7400
 1174              	.LASF22:
 1175 0052 64657374 		.ascii	"dest\000"
 1175      00
 1176              	.LASF27:
ARM GAS  C:\Users\cnpan\AppData\Local\Temp\ccPqfZkp.s 			page 28


 1177 0057 73697A65 		.ascii	"size\000"
 1177      00
 1178              	.LASF18:
 1179 005c 72656738 		.ascii	"reg8\000"
 1179      00
 1180              	.LASF8:
 1181 0061 6C6F6E67 		.ascii	"long unsigned int\000"
 1181      20756E73 
 1181      69676E65 
 1181      6420696E 
 1181      7400
 1182              	.LASF13:
 1183 0073 75696E74 		.ascii	"uint8\000"
 1183      3800
 1184              	.LASF20:
 1185 0079 43594D45 		.ascii	"CYMEMZERO\000"
 1185      4D5A4552 
 1185      4F00
 1186              	.LASF30:
 1187 0083 474E5520 		.ascii	"GNU C11 5.4.1 20160609 (release) [ARM/embedded-5-br"
 1187      43313120 
 1187      352E342E 
 1187      31203230 
 1187      31363036 
 1188 00b6 616E6368 		.ascii	"anch revision 237715] -mcpu=cortex-m0 -mthumb -g -O"
 1188      20726576 
 1188      6973696F 
 1188      6E203233 
 1188      37373135 
 1189 00e9 30202D66 		.ascii	"0 -ffunction-sections -ffat-lto-objects\000"
 1189      66756E63 
 1189      74696F6E 
 1189      2D736563 
 1189      74696F6E 
 1190              	.LASF4:
 1191 0111 756E7369 		.ascii	"unsigned char\000"
 1191      676E6564 
 1191      20636861 
 1191      7200
 1192              	.LASF17:
 1193 011f 646F7562 		.ascii	"double\000"
 1193      6C6500
 1194              	.LASF33:
 1195 0126 63796669 		.ascii	"cyfitter_cfg\000"
 1195      74746572 
 1195      5F636667 
 1195      00
 1196              	.LASF14:
 1197 0133 75696E74 		.ascii	"uint16\000"
 1197      313600
 1198              	.LASF15:
 1199 013a 75696E74 		.ascii	"uint32\000"
 1199      333200
 1200              	.LASF0:
 1201 0141 756E7369 		.ascii	"unsigned int\000"
 1201      676E6564 
 1201      20696E74 
ARM GAS  C:\Users\cnpan\AppData\Local\Temp\ccPqfZkp.s 			page 29


 1201      00
 1202              	.LASF26:
 1203 014e 61646472 		.ascii	"address\000"
 1203      65737300 
 1204              	.LASF9:
 1205 0156 6C6F6E67 		.ascii	"long long unsigned int\000"
 1205      206C6F6E 
 1205      6720756E 
 1205      7369676E 
 1205      65642069 
 1206              	.LASF28:
 1207 016d 6366675F 		.ascii	"cfg_memset_t\000"
 1207      6D656D73 
 1207      65745F74 
 1207      00
 1208              	.LASF10:
 1209 017a 73697A65 		.ascii	"sizetype\000"
 1209      74797065 
 1209      00
 1210              	.LASF1:
 1211 0183 6C6F6E67 		.ascii	"long long int\000"
 1211      206C6F6E 
 1211      6720696E 
 1211      7400
 1212              	.LASF11:
 1213 0191 63686172 		.ascii	"char\000"
 1213      00
 1214              	.LASF5:
 1215 0196 73686F72 		.ascii	"short int\000"
 1215      7420696E 
 1215      7400
 1216              	.LASF7:
 1217 01a0 6C6F6E67 		.ascii	"long int\000"
 1217      20696E74 
 1217      00
 1218              	.LASF2:
 1219 01a9 6C6F6E67 		.ascii	"long double\000"
 1219      20646F75 
 1219      626C6500 
 1220              	.LASF3:
 1221 01b5 7369676E 		.ascii	"signed char\000"
 1221      65642063 
 1221      68617200 
 1222              	.LASF32:
 1223 01c1 433A5C55 		.ascii	"C:\\Users\\cnpan\\Documents\\PSoC Creator\\Project "
 1223      73657273 
 1223      5C636E70 
 1223      616E5C44 
 1223      6F63756D 
 1224 01ef 446F6F72 		.ascii	"Door Opener\\PSoC_4_BLE_Central_IAS 1\\PSoC_4_BLE_C"
 1224      204F7065 
 1224      6E65725C 
 1224      50536F43 
 1224      5F345F42 
 1225 0220 656E7472 		.ascii	"entral_IAS.cydsn\000"
 1225      616C5F49 
 1225      41532E63 
ARM GAS  C:\Users\cnpan\AppData\Local\Temp\ccPqfZkp.s 			page 30


 1225      7964736E 
 1225      00
 1226              	.LASF31:
 1227 0231 47656E65 		.ascii	"Generated_Source\\PSoC4\\cyfitter_cfg.c\000"
 1227      72617465 
 1227      645F536F 
 1227      75726365 
 1227      5C50536F 
 1228              	.LASF23:
 1229 0257 4359434F 		.ascii	"CYCONFIGCPYCODE\000"
 1229      4E464947 
 1229      43505943 
 1229      4F444500 
 1230              	.LASF21:
 1231 0267 4359434F 		.ascii	"CYCONFIGCPY\000"
 1231      4E464947 
 1231      43505900 
 1232              		.ident	"GCC: (GNU Tools for ARM Embedded Processors) 5.4.1 20160609 (release) [ARM/embedded-5-bran
